:before     > root:before (root)
1
:before     ✓ root:before (root)
:before     < root:before (root)
:beforeEach > root:beforeEach (root/describeA)
2, 49, 96
:beforeEach ✓ root:beforeEach (root/describeA)
:beforeEach < root:beforeEach (root/describeA)
:describe   > root/describeA (root/describeA)
3
: before     > root/describeA:before (root/describeA)
4
: before     ✓ root/describeA:before (root/describeA)
: before     < root/describeA:before (root/describeA)
: beforeEach > root/describeA:beforeEach (root/describeA/describeX)
5, 19, 33
: beforeEach ✓ root/describeA:beforeEach (root/describeA/describeX)
: beforeEach < root/describeA:beforeEach (root/describeA/describeX)
: describe   > root/describeA/describeX (root/describeA/describeX)
6
:  before     > root/describeA/describeX:before (root/describeA/describeX)
7
:  before     ✓ root/describeA/describeX:before (root/describeA/describeX)
:  before     < root/describeA/describeX:before (root/describeA/describeX)
:  beforeEach > root/describeA/describeX:beforeEach (root/describeA/describeX/testA)
8, 11, 14
:  beforeEach ✓ root/describeA/describeX:beforeEach (root/describeA/describeX/testA)
:  beforeEach < root/describeA/describeX:beforeEach (root/describeA/describeX/testA)
:  test       > root/describeA/describeX/testA (root/describeA/describeX/testA)
9
:  test       ✓ root/describeA/describeX/testA (root/describeA/describeX/testA)
:  test       < root/describeA/describeX/testA (root/describeA/describeX/testA)
:  afterEach  > root/describeA/describeX:afterEach (root/describeA/describeX/testA)
10, 13, 16
:  afterEach  ✓ root/describeA/describeX:afterEach (root/describeA/describeX/testA)
:  afterEach  < root/describeA/describeX:afterEach (root/describeA/describeX/testA)
:  beforeEach > root/describeA/describeX:beforeEach (root/describeA/describeX/testB)
8, 11, 14
:  beforeEach ✓ root/describeA/describeX:beforeEach (root/describeA/describeX/testB)
:  beforeEach < root/describeA/describeX:beforeEach (root/describeA/describeX/testB)
:  test       > root/describeA/describeX/testB (root/describeA/describeX/testB)
12
:  test       ✓ root/describeA/describeX/testB (root/describeA/describeX/testB)
:  test       < root/describeA/describeX/testB (root/describeA/describeX/testB)
:  afterEach  > root/describeA/describeX:afterEach (root/describeA/describeX/testB)
10, 13, 16
:  afterEach  ✓ root/describeA/describeX:afterEach (root/describeA/describeX/testB)
:  afterEach  < root/describeA/describeX:afterEach (root/describeA/describeX/testB)
:  beforeEach > root/describeA/describeX:beforeEach (root/describeA/describeX/testC)
8, 11, 14
:  beforeEach ✓ root/describeA/describeX:beforeEach (root/describeA/describeX/testC)
:  beforeEach < root/describeA/describeX:beforeEach (root/describeA/describeX/testC)
:  test       > root/describeA/describeX/testC (root/describeA/describeX/testC)
15
:  test       ✓ root/describeA/describeX/testC (root/describeA/describeX/testC)
:  test       < root/describeA/describeX/testC (root/describeA/describeX/testC)
:  afterEach  > root/describeA/describeX:afterEach (root/describeA/describeX/testC)
10, 13, 16
:  afterEach  ✓ root/describeA/describeX:afterEach (root/describeA/describeX/testC)
:  afterEach  < root/describeA/describeX:afterEach (root/describeA/describeX/testC)
:  after      > root/describeA/describeX:after (root/describeA/describeX)
17
:  after      ✓ root/describeA/describeX:after (root/describeA/describeX)
:  after      < root/describeA/describeX:after (root/describeA/describeX)
: describe   ✓ root/describeA/describeX (root/describeA/describeX)
: describe   < root/describeA/describeX (root/describeA/describeX)
: afterEach  > root/describeA:afterEach (root/describeA/describeX)
18, 32, 46
: afterEach  ✓ root/describeA:afterEach (root/describeA/describeX)
: afterEach  < root/describeA:afterEach (root/describeA/describeX)
: beforeEach > root/describeA:beforeEach (root/describeA/describeY)
5, 19, 33
: beforeEach ✓ root/describeA:beforeEach (root/describeA/describeY)
: beforeEach < root/describeA:beforeEach (root/describeA/describeY)
: describe   > root/describeA/describeY (root/describeA/describeY)
20
:  before     > root/describeA/describeY:before (root/describeA/describeY)
21
:  before     ✓ root/describeA/describeY:before (root/describeA/describeY)
:  before     < root/describeA/describeY:before (root/describeA/describeY)
:  beforeEach > root/describeA/describeY:beforeEach (root/describeA/describeY/testA)
22, 25, 28
:  beforeEach ✓ root/describeA/describeY:beforeEach (root/describeA/describeY/testA)
:  beforeEach < root/describeA/describeY:beforeEach (root/describeA/describeY/testA)
:  test       > root/describeA/describeY/testA (root/describeA/describeY/testA)
23
:  test       ✓ root/describeA/describeY/testA (root/describeA/describeY/testA)
:  test       < root/describeA/describeY/testA (root/describeA/describeY/testA)
:  afterEach  > root/describeA/describeY:afterEach (root/describeA/describeY/testA)
24, 27, 30
:  afterEach  ✓ root/describeA/describeY:afterEach (root/describeA/describeY/testA)
:  afterEach  < root/describeA/describeY:afterEach (root/describeA/describeY/testA)
:  beforeEach > root/describeA/describeY:beforeEach (root/describeA/describeY/testB)
22, 25, 28
:  beforeEach ✓ root/describeA/describeY:beforeEach (root/describeA/describeY/testB)
:  beforeEach < root/describeA/describeY:beforeEach (root/describeA/describeY/testB)
:  test       > root/describeA/describeY/testB (root/describeA/describeY/testB)
26
:  test       ✓ root/describeA/describeY/testB (root/describeA/describeY/testB)
:  test       < root/describeA/describeY/testB (root/describeA/describeY/testB)
:  afterEach  > root/describeA/describeY:afterEach (root/describeA/describeY/testB)
24, 27, 30
:  afterEach  ✓ root/describeA/describeY:afterEach (root/describeA/describeY/testB)
:  afterEach  < root/describeA/describeY:afterEach (root/describeA/describeY/testB)
:  beforeEach > root/describeA/describeY:beforeEach (root/describeA/describeY/testC)
22, 25, 28
:  beforeEach ✓ root/describeA/describeY:beforeEach (root/describeA/describeY/testC)
:  beforeEach < root/describeA/describeY:beforeEach (root/describeA/describeY/testC)
:  test       > root/describeA/describeY/testC (root/describeA/describeY/testC)
29
:  test       ✓ root/describeA/describeY/testC (root/describeA/describeY/testC)
:  test       < root/describeA/describeY/testC (root/describeA/describeY/testC)
:  afterEach  > root/describeA/describeY:afterEach (root/describeA/describeY/testC)
24, 27, 30
:  afterEach  ✓ root/describeA/describeY:afterEach (root/describeA/describeY/testC)
:  afterEach  < root/describeA/describeY:afterEach (root/describeA/describeY/testC)
:  after      > root/describeA/describeY:after (root/describeA/describeY)
31
:  after      ✓ root/describeA/describeY:after (root/describeA/describeY)
:  after      < root/describeA/describeY:after (root/describeA/describeY)
: describe   ✓ root/describeA/describeY (root/describeA/describeY)
: describe   < root/describeA/describeY (root/describeA/describeY)
: afterEach  > root/describeA:afterEach (root/describeA/describeY)
18, 32, 46
: afterEach  ✓ root/describeA:afterEach (root/describeA/describeY)
: afterEach  < root/describeA:afterEach (root/describeA/describeY)
: beforeEach > root/describeA:beforeEach (root/describeA/describeZ)
5, 19, 33
: beforeEach ✓ root/describeA:beforeEach (root/describeA/describeZ)
: beforeEach < root/describeA:beforeEach (root/describeA/describeZ)
: describe   > root/describeA/describeZ (root/describeA/describeZ)
34
:  before     > root/describeA/describeZ:before (root/describeA/describeZ)
35
:  before     ✓ root/describeA/describeZ:before (root/describeA/describeZ)
:  before     < root/describeA/describeZ:before (root/describeA/describeZ)
:  beforeEach > root/describeA/describeZ:beforeEach (root/describeA/describeZ/testA)
36, 39, 42
:  beforeEach ✓ root/describeA/describeZ:beforeEach (root/describeA/describeZ/testA)
:  beforeEach < root/describeA/describeZ:beforeEach (root/describeA/describeZ/testA)
:  test       > root/describeA/describeZ/testA (root/describeA/describeZ/testA)
37
:  test       ✓ root/describeA/describeZ/testA (root/describeA/describeZ/testA)
:  test       < root/describeA/describeZ/testA (root/describeA/describeZ/testA)
:  afterEach  > root/describeA/describeZ:afterEach (root/describeA/describeZ/testA)
38, 41, 44
:  afterEach  ✓ root/describeA/describeZ:afterEach (root/describeA/describeZ/testA)
:  afterEach  < root/describeA/describeZ:afterEach (root/describeA/describeZ/testA)
:  beforeEach > root/describeA/describeZ:beforeEach (root/describeA/describeZ/testB)
36, 39, 42
:  beforeEach ✓ root/describeA/describeZ:beforeEach (root/describeA/describeZ/testB)
:  beforeEach < root/describeA/describeZ:beforeEach (root/describeA/describeZ/testB)
:  test       > root/describeA/describeZ/testB (root/describeA/describeZ/testB)
40
:  test       ✓ root/describeA/describeZ/testB (root/describeA/describeZ/testB)
:  test       < root/describeA/describeZ/testB (root/describeA/describeZ/testB)
:  afterEach  > root/describeA/describeZ:afterEach (root/describeA/describeZ/testB)
38, 41, 44
:  afterEach  ✓ root/describeA/describeZ:afterEach (root/describeA/describeZ/testB)
:  afterEach  < root/describeA/describeZ:afterEach (root/describeA/describeZ/testB)
:  beforeEach > root/describeA/describeZ:beforeEach (root/describeA/describeZ/testC)
36, 39, 42
:  beforeEach ✓ root/describeA/describeZ:beforeEach (root/describeA/describeZ/testC)
:  beforeEach < root/describeA/describeZ:beforeEach (root/describeA/describeZ/testC)
:  test       > root/describeA/describeZ/testC (root/describeA/describeZ/testC)
43
:  test       ✓ root/describeA/describeZ/testC (root/describeA/describeZ/testC)
:  test       < root/describeA/describeZ/testC (root/describeA/describeZ/testC)
:  afterEach  > root/describeA/describeZ:afterEach (root/describeA/describeZ/testC)
38, 41, 44
:  afterEach  ✓ root/describeA/describeZ:afterEach (root/describeA/describeZ/testC)
:  afterEach  < root/describeA/describeZ:afterEach (root/describeA/describeZ/testC)
:  after      > root/describeA/describeZ:after (root/describeA/describeZ)
45
:  after      ✓ root/describeA/describeZ:after (root/describeA/describeZ)
:  after      < root/describeA/describeZ:after (root/describeA/describeZ)
: describe   ✓ root/describeA/describeZ (root/describeA/describeZ)
: describe   < root/describeA/describeZ (root/describeA/describeZ)
: afterEach  > root/describeA:afterEach (root/describeA/describeZ)
18, 32, 46
: afterEach  ✓ root/describeA:afterEach (root/describeA/describeZ)
: afterEach  < root/describeA:afterEach (root/describeA/describeZ)
: after      > root/describeA:after (root/describeA)
47
: after      ✓ root/describeA:after (root/describeA)
: after      < root/describeA:after (root/describeA)
:describe   ✓ root/describeA (root/describeA)
:describe   < root/describeA (root/describeA)
:afterEach  > root:afterEach (root/describeA)
48, 95, 142
:afterEach  ✓ root:afterEach (root/describeA)
:afterEach  < root:afterEach (root/describeA)
:beforeEach > root:beforeEach (root/describeB)
2, 49, 96
:beforeEach ✓ root:beforeEach (root/describeB)
:beforeEach < root:beforeEach (root/describeB)
:describe   > root/describeB (root/describeB)
50
: before     > root/describeB:before (root/describeB)
51
: before     ✓ root/describeB:before (root/describeB)
: before     < root/describeB:before (root/describeB)
: beforeEach > root/describeB:beforeEach (root/describeB/describeX)
52, 66, 80
: beforeEach ✓ root/describeB:beforeEach (root/describeB/describeX)
: beforeEach < root/describeB:beforeEach (root/describeB/describeX)
: describe   > root/describeB/describeX (root/describeB/describeX)
53
:  before     > root/describeB/describeX:before (root/describeB/describeX)
54
:  before     ✓ root/describeB/describeX:before (root/describeB/describeX)
:  before     < root/describeB/describeX:before (root/describeB/describeX)
:  beforeEach > root/describeB/describeX:beforeEach (root/describeB/describeX/testA)
55, 58, 61
:  beforeEach ✓ root/describeB/describeX:beforeEach (root/describeB/describeX/testA)
:  beforeEach < root/describeB/describeX:beforeEach (root/describeB/describeX/testA)
:  test       > root/describeB/describeX/testA (root/describeB/describeX/testA)
56
:  test       ✓ root/describeB/describeX/testA (root/describeB/describeX/testA)
:  test       < root/describeB/describeX/testA (root/describeB/describeX/testA)
:  afterEach  > root/describeB/describeX:afterEach (root/describeB/describeX/testA)
57, 60, 63
:  afterEach  ✓ root/describeB/describeX:afterEach (root/describeB/describeX/testA)
:  afterEach  < root/describeB/describeX:afterEach (root/describeB/describeX/testA)
:  beforeEach > root/describeB/describeX:beforeEach (root/describeB/describeX/testB)
55, 58, 61
:  beforeEach ✓ root/describeB/describeX:beforeEach (root/describeB/describeX/testB)
:  beforeEach < root/describeB/describeX:beforeEach (root/describeB/describeX/testB)
:  test       > root/describeB/describeX/testB (root/describeB/describeX/testB)
59
:  test       ✓ root/describeB/describeX/testB (root/describeB/describeX/testB)
:  test       < root/describeB/describeX/testB (root/describeB/describeX/testB)
:  afterEach  > root/describeB/describeX:afterEach (root/describeB/describeX/testB)
57, 60, 63
:  afterEach  ✓ root/describeB/describeX:afterEach (root/describeB/describeX/testB)
:  afterEach  < root/describeB/describeX:afterEach (root/describeB/describeX/testB)
:  beforeEach > root/describeB/describeX:beforeEach (root/describeB/describeX/testC)
55, 58, 61
:  beforeEach ✓ root/describeB/describeX:beforeEach (root/describeB/describeX/testC)
:  beforeEach < root/describeB/describeX:beforeEach (root/describeB/describeX/testC)
:  test       > root/describeB/describeX/testC (root/describeB/describeX/testC)
62
:  test       ✓ root/describeB/describeX/testC (root/describeB/describeX/testC)
:  test       < root/describeB/describeX/testC (root/describeB/describeX/testC)
:  afterEach  > root/describeB/describeX:afterEach (root/describeB/describeX/testC)
57, 60, 63
:  afterEach  ✓ root/describeB/describeX:afterEach (root/describeB/describeX/testC)
:  afterEach  < root/describeB/describeX:afterEach (root/describeB/describeX/testC)
:  after      > root/describeB/describeX:after (root/describeB/describeX)
64
:  after      ✓ root/describeB/describeX:after (root/describeB/describeX)
:  after      < root/describeB/describeX:after (root/describeB/describeX)
: describe   ✓ root/describeB/describeX (root/describeB/describeX)
: describe   < root/describeB/describeX (root/describeB/describeX)
: afterEach  > root/describeB:afterEach (root/describeB/describeX)
65, 79, 93
: afterEach  ✓ root/describeB:afterEach (root/describeB/describeX)
: afterEach  < root/describeB:afterEach (root/describeB/describeX)
: beforeEach > root/describeB:beforeEach (root/describeB/describeY)
52, 66, 80
: beforeEach ✓ root/describeB:beforeEach (root/describeB/describeY)
: beforeEach < root/describeB:beforeEach (root/describeB/describeY)
: describe   > root/describeB/describeY (root/describeB/describeY)
67
:  before     > root/describeB/describeY:before (root/describeB/describeY)
68
:  before     ✓ root/describeB/describeY:before (root/describeB/describeY)
:  before     < root/describeB/describeY:before (root/describeB/describeY)
:  beforeEach > root/describeB/describeY:beforeEach (root/describeB/describeY/testA)
69, 72, 75
:  beforeEach ✓ root/describeB/describeY:beforeEach (root/describeB/describeY/testA)
:  beforeEach < root/describeB/describeY:beforeEach (root/describeB/describeY/testA)
:  test       > root/describeB/describeY/testA (root/describeB/describeY/testA)
70
:  test       ✓ root/describeB/describeY/testA (root/describeB/describeY/testA)
:  test       < root/describeB/describeY/testA (root/describeB/describeY/testA)
:  afterEach  > root/describeB/describeY:afterEach (root/describeB/describeY/testA)
71, 74, 77
:  afterEach  ✓ root/describeB/describeY:afterEach (root/describeB/describeY/testA)
:  afterEach  < root/describeB/describeY:afterEach (root/describeB/describeY/testA)
:  beforeEach > root/describeB/describeY:beforeEach (root/describeB/describeY/testB)
69, 72, 75
:  beforeEach ✓ root/describeB/describeY:beforeEach (root/describeB/describeY/testB)
:  beforeEach < root/describeB/describeY:beforeEach (root/describeB/describeY/testB)
:  test       > root/describeB/describeY/testB (root/describeB/describeY/testB)
73
:  test       ✓ root/describeB/describeY/testB (root/describeB/describeY/testB)
:  test       < root/describeB/describeY/testB (root/describeB/describeY/testB)
:  afterEach  > root/describeB/describeY:afterEach (root/describeB/describeY/testB)
71, 74, 77
:  afterEach  ✓ root/describeB/describeY:afterEach (root/describeB/describeY/testB)
:  afterEach  < root/describeB/describeY:afterEach (root/describeB/describeY/testB)
:  beforeEach > root/describeB/describeY:beforeEach (root/describeB/describeY/testC)
69, 72, 75
:  beforeEach ✓ root/describeB/describeY:beforeEach (root/describeB/describeY/testC)
:  beforeEach < root/describeB/describeY:beforeEach (root/describeB/describeY/testC)
:  test       > root/describeB/describeY/testC (root/describeB/describeY/testC)
76
:  test       ✓ root/describeB/describeY/testC (root/describeB/describeY/testC)
:  test       < root/describeB/describeY/testC (root/describeB/describeY/testC)
:  afterEach  > root/describeB/describeY:afterEach (root/describeB/describeY/testC)
71, 74, 77
:  afterEach  ✓ root/describeB/describeY:afterEach (root/describeB/describeY/testC)
:  afterEach  < root/describeB/describeY:afterEach (root/describeB/describeY/testC)
:  after      > root/describeB/describeY:after (root/describeB/describeY)
78
:  after      ✓ root/describeB/describeY:after (root/describeB/describeY)
:  after      < root/describeB/describeY:after (root/describeB/describeY)
: describe   ✓ root/describeB/describeY (root/describeB/describeY)
: describe   < root/describeB/describeY (root/describeB/describeY)
: afterEach  > root/describeB:afterEach (root/describeB/describeY)
65, 79, 93
: afterEach  ✓ root/describeB:afterEach (root/describeB/describeY)
: afterEach  < root/describeB:afterEach (root/describeB/describeY)
: beforeEach > root/describeB:beforeEach (root/describeB/describeZ)
52, 66, 80
: beforeEach ✓ root/describeB:beforeEach (root/describeB/describeZ)
: beforeEach < root/describeB:beforeEach (root/describeB/describeZ)
: describe   > root/describeB/describeZ (root/describeB/describeZ)
81
:  before     > root/describeB/describeZ:before (root/describeB/describeZ)
82
:  before     ✓ root/describeB/describeZ:before (root/describeB/describeZ)
:  before     < root/describeB/describeZ:before (root/describeB/describeZ)
:  beforeEach > root/describeB/describeZ:beforeEach (root/describeB/describeZ/testA)
83, 86, 89
:  beforeEach ✓ root/describeB/describeZ:beforeEach (root/describeB/describeZ/testA)
:  beforeEach < root/describeB/describeZ:beforeEach (root/describeB/describeZ/testA)
:  test       > root/describeB/describeZ/testA (root/describeB/describeZ/testA)
84
:  test       ✓ root/describeB/describeZ/testA (root/describeB/describeZ/testA)
:  test       < root/describeB/describeZ/testA (root/describeB/describeZ/testA)
:  afterEach  > root/describeB/describeZ:afterEach (root/describeB/describeZ/testA)
85, 88, 91
:  afterEach  ✓ root/describeB/describeZ:afterEach (root/describeB/describeZ/testA)
:  afterEach  < root/describeB/describeZ:afterEach (root/describeB/describeZ/testA)
:  beforeEach > root/describeB/describeZ:beforeEach (root/describeB/describeZ/testB)
83, 86, 89
:  beforeEach ✓ root/describeB/describeZ:beforeEach (root/describeB/describeZ/testB)
:  beforeEach < root/describeB/describeZ:beforeEach (root/describeB/describeZ/testB)
:  test       > root/describeB/describeZ/testB (root/describeB/describeZ/testB)
87
:  test       ✓ root/describeB/describeZ/testB (root/describeB/describeZ/testB)
:  test       < root/describeB/describeZ/testB (root/describeB/describeZ/testB)
:  afterEach  > root/describeB/describeZ:afterEach (root/describeB/describeZ/testB)
85, 88, 91
:  afterEach  ✓ root/describeB/describeZ:afterEach (root/describeB/describeZ/testB)
:  afterEach  < root/describeB/describeZ:afterEach (root/describeB/describeZ/testB)
:  beforeEach > root/describeB/describeZ:beforeEach (root/describeB/describeZ/testC)
83, 86, 89
:  beforeEach ✓ root/describeB/describeZ:beforeEach (root/describeB/describeZ/testC)
:  beforeEach < root/describeB/describeZ:beforeEach (root/describeB/describeZ/testC)
:  test       > root/describeB/describeZ/testC (root/describeB/describeZ/testC)
90
:  test       ✓ root/describeB/describeZ/testC (root/describeB/describeZ/testC)
:  test       < root/describeB/describeZ/testC (root/describeB/describeZ/testC)
:  afterEach  > root/describeB/describeZ:afterEach (root/describeB/describeZ/testC)
85, 88, 91
:  afterEach  ✓ root/describeB/describeZ:afterEach (root/describeB/describeZ/testC)
:  afterEach  < root/describeB/describeZ:afterEach (root/describeB/describeZ/testC)
:  after      > root/describeB/describeZ:after (root/describeB/describeZ)
92
:  after      ✓ root/describeB/describeZ:after (root/describeB/describeZ)
:  after      < root/describeB/describeZ:after (root/describeB/describeZ)
: describe   ✓ root/describeB/describeZ (root/describeB/describeZ)
: describe   < root/describeB/describeZ (root/describeB/describeZ)
: afterEach  > root/describeB:afterEach (root/describeB/describeZ)
65, 79, 93
: afterEach  ✓ root/describeB:afterEach (root/describeB/describeZ)
: afterEach  < root/describeB:afterEach (root/describeB/describeZ)
: after      > root/describeB:after (root/describeB)
94
: after      ✓ root/describeB:after (root/describeB)
: after      < root/describeB:after (root/describeB)
:describe   ✓ root/describeB (root/describeB)
:describe   < root/describeB (root/describeB)
:afterEach  > root:afterEach (root/describeB)
48, 95, 142
:afterEach  ✓ root:afterEach (root/describeB)
:afterEach  < root:afterEach (root/describeB)
:beforeEach > root:beforeEach (root/describeC)
2, 49, 96
:beforeEach ✓ root:beforeEach (root/describeC)
:beforeEach < root:beforeEach (root/describeC)
:describe   > root/describeC (root/describeC)
97
: before     > root/describeC:before (root/describeC)
98
: before     ✓ root/describeC:before (root/describeC)
: before     < root/describeC:before (root/describeC)
: beforeEach > root/describeC:beforeEach (root/describeC/describeX)
99, 113, 127
: beforeEach ✓ root/describeC:beforeEach (root/describeC/describeX)
: beforeEach < root/describeC:beforeEach (root/describeC/describeX)
: describe   > root/describeC/describeX (root/describeC/describeX)
100
:  before     > root/describeC/describeX:before (root/describeC/describeX)
101
:  before     ✓ root/describeC/describeX:before (root/describeC/describeX)
:  before     < root/describeC/describeX:before (root/describeC/describeX)
:  beforeEach > root/describeC/describeX:beforeEach (root/describeC/describeX/testA)
102, 105, 108
:  beforeEach ✓ root/describeC/describeX:beforeEach (root/describeC/describeX/testA)
:  beforeEach < root/describeC/describeX:beforeEach (root/describeC/describeX/testA)
:  test       > root/describeC/describeX/testA (root/describeC/describeX/testA)
103
:  test       ✓ root/describeC/describeX/testA (root/describeC/describeX/testA)
:  test       < root/describeC/describeX/testA (root/describeC/describeX/testA)
:  afterEach  > root/describeC/describeX:afterEach (root/describeC/describeX/testA)
104, 107, 110
:  afterEach  ✓ root/describeC/describeX:afterEach (root/describeC/describeX/testA)
:  afterEach  < root/describeC/describeX:afterEach (root/describeC/describeX/testA)
:  beforeEach > root/describeC/describeX:beforeEach (root/describeC/describeX/testB)
102, 105, 108
:  beforeEach ✓ root/describeC/describeX:beforeEach (root/describeC/describeX/testB)
:  beforeEach < root/describeC/describeX:beforeEach (root/describeC/describeX/testB)
:  test       > root/describeC/describeX/testB (root/describeC/describeX/testB)
106
:  test       ✓ root/describeC/describeX/testB (root/describeC/describeX/testB)
:  test       < root/describeC/describeX/testB (root/describeC/describeX/testB)
:  afterEach  > root/describeC/describeX:afterEach (root/describeC/describeX/testB)
104, 107, 110
:  afterEach  ✓ root/describeC/describeX:afterEach (root/describeC/describeX/testB)
:  afterEach  < root/describeC/describeX:afterEach (root/describeC/describeX/testB)
:  beforeEach > root/describeC/describeX:beforeEach (root/describeC/describeX/testC)
102, 105, 108
:  beforeEach ✓ root/describeC/describeX:beforeEach (root/describeC/describeX/testC)
:  beforeEach < root/describeC/describeX:beforeEach (root/describeC/describeX/testC)
:  test       > root/describeC/describeX/testC (root/describeC/describeX/testC)
109
:  test       ✓ root/describeC/describeX/testC (root/describeC/describeX/testC)
:  test       < root/describeC/describeX/testC (root/describeC/describeX/testC)
:  afterEach  > root/describeC/describeX:afterEach (root/describeC/describeX/testC)
104, 107, 110
:  afterEach  ✓ root/describeC/describeX:afterEach (root/describeC/describeX/testC)
:  afterEach  < root/describeC/describeX:afterEach (root/describeC/describeX/testC)
:  after      > root/describeC/describeX:after (root/describeC/describeX)
111
:  after      ✓ root/describeC/describeX:after (root/describeC/describeX)
:  after      < root/describeC/describeX:after (root/describeC/describeX)
: describe   ✓ root/describeC/describeX (root/describeC/describeX)
: describe   < root/describeC/describeX (root/describeC/describeX)
: afterEach  > root/describeC:afterEach (root/describeC/describeX)
112, 126, 140
: afterEach  ✓ root/describeC:afterEach (root/describeC/describeX)
: afterEach  < root/describeC:afterEach (root/describeC/describeX)
: beforeEach > root/describeC:beforeEach (root/describeC/describeY)
99, 113, 127
: beforeEach ✓ root/describeC:beforeEach (root/describeC/describeY)
: beforeEach < root/describeC:beforeEach (root/describeC/describeY)
: describe   > root/describeC/describeY (root/describeC/describeY)
114
:  before     > root/describeC/describeY:before (root/describeC/describeY)
115
:  before     ✓ root/describeC/describeY:before (root/describeC/describeY)
:  before     < root/describeC/describeY:before (root/describeC/describeY)
:  beforeEach > root/describeC/describeY:beforeEach (root/describeC/describeY/testA)
116, 119, 122
:  beforeEach ✓ root/describeC/describeY:beforeEach (root/describeC/describeY/testA)
:  beforeEach < root/describeC/describeY:beforeEach (root/describeC/describeY/testA)
:  test       > root/describeC/describeY/testA (root/describeC/describeY/testA)
117
:  test       ✓ root/describeC/describeY/testA (root/describeC/describeY/testA)
:  test       < root/describeC/describeY/testA (root/describeC/describeY/testA)
:  afterEach  > root/describeC/describeY:afterEach (root/describeC/describeY/testA)
118, 121, 124
:  afterEach  ✓ root/describeC/describeY:afterEach (root/describeC/describeY/testA)
:  afterEach  < root/describeC/describeY:afterEach (root/describeC/describeY/testA)
:  beforeEach > root/describeC/describeY:beforeEach (root/describeC/describeY/testB)
116, 119, 122
:  beforeEach ✓ root/describeC/describeY:beforeEach (root/describeC/describeY/testB)
:  beforeEach < root/describeC/describeY:beforeEach (root/describeC/describeY/testB)
:  test       > root/describeC/describeY/testB (root/describeC/describeY/testB)
120
:  test       ✓ root/describeC/describeY/testB (root/describeC/describeY/testB)
:  test       < root/describeC/describeY/testB (root/describeC/describeY/testB)
:  afterEach  > root/describeC/describeY:afterEach (root/describeC/describeY/testB)
118, 121, 124
:  afterEach  ✓ root/describeC/describeY:afterEach (root/describeC/describeY/testB)
:  afterEach  < root/describeC/describeY:afterEach (root/describeC/describeY/testB)
:  beforeEach > root/describeC/describeY:beforeEach (root/describeC/describeY/testC)
116, 119, 122
:  beforeEach ✓ root/describeC/describeY:beforeEach (root/describeC/describeY/testC)
:  beforeEach < root/describeC/describeY:beforeEach (root/describeC/describeY/testC)
:  test       > root/describeC/describeY/testC (root/describeC/describeY/testC)
123
:  test       ✓ root/describeC/describeY/testC (root/describeC/describeY/testC)
:  test       < root/describeC/describeY/testC (root/describeC/describeY/testC)
:  afterEach  > root/describeC/describeY:afterEach (root/describeC/describeY/testC)
118, 121, 124
:  afterEach  ✓ root/describeC/describeY:afterEach (root/describeC/describeY/testC)
:  afterEach  < root/describeC/describeY:afterEach (root/describeC/describeY/testC)
:  after      > root/describeC/describeY:after (root/describeC/describeY)
125
:  after      ✓ root/describeC/describeY:after (root/describeC/describeY)
:  after      < root/describeC/describeY:after (root/describeC/describeY)
: describe   ✓ root/describeC/describeY (root/describeC/describeY)
: describe   < root/describeC/describeY (root/describeC/describeY)
: afterEach  > root/describeC:afterEach (root/describeC/describeY)
112, 126, 140
: afterEach  ✓ root/describeC:afterEach (root/describeC/describeY)
: afterEach  < root/describeC:afterEach (root/describeC/describeY)
: beforeEach > root/describeC:beforeEach (root/describeC/describeZ)
99, 113, 127
: beforeEach ✓ root/describeC:beforeEach (root/describeC/describeZ)
: beforeEach < root/describeC:beforeEach (root/describeC/describeZ)
: describe   > root/describeC/describeZ (root/describeC/describeZ)
128
:  before     > root/describeC/describeZ:before (root/describeC/describeZ)
129
:  before     ✓ root/describeC/describeZ:before (root/describeC/describeZ)
:  before     < root/describeC/describeZ:before (root/describeC/describeZ)
:  beforeEach > root/describeC/describeZ:beforeEach (root/describeC/describeZ/testA)
130, 133, 136
:  beforeEach ✓ root/describeC/describeZ:beforeEach (root/describeC/describeZ/testA)
:  beforeEach < root/describeC/describeZ:beforeEach (root/describeC/describeZ/testA)
:  test       > root/describeC/describeZ/testA (root/describeC/describeZ/testA)
131
:  test       ✓ root/describeC/describeZ/testA (root/describeC/describeZ/testA)
:  test       < root/describeC/describeZ/testA (root/describeC/describeZ/testA)
:  afterEach  > root/describeC/describeZ:afterEach (root/describeC/describeZ/testA)
132, 135, 138
:  afterEach  ✓ root/describeC/describeZ:afterEach (root/describeC/describeZ/testA)
:  afterEach  < root/describeC/describeZ:afterEach (root/describeC/describeZ/testA)
:  beforeEach > root/describeC/describeZ:beforeEach (root/describeC/describeZ/testB)
130, 133, 136
:  beforeEach ✓ root/describeC/describeZ:beforeEach (root/describeC/describeZ/testB)
:  beforeEach < root/describeC/describeZ:beforeEach (root/describeC/describeZ/testB)
:  test       > root/describeC/describeZ/testB (root/describeC/describeZ/testB)
134
:  test       ✓ root/describeC/describeZ/testB (root/describeC/describeZ/testB)
:  test       < root/describeC/describeZ/testB (root/describeC/describeZ/testB)
:  afterEach  > root/describeC/describeZ:afterEach (root/describeC/describeZ/testB)
132, 135, 138
:  afterEach  ✓ root/describeC/describeZ:afterEach (root/describeC/describeZ/testB)
:  afterEach  < root/describeC/describeZ:afterEach (root/describeC/describeZ/testB)
:  beforeEach > root/describeC/describeZ:beforeEach (root/describeC/describeZ/testC)
130, 133, 136
:  beforeEach ✓ root/describeC/describeZ:beforeEach (root/describeC/describeZ/testC)
:  beforeEach < root/describeC/describeZ:beforeEach (root/describeC/describeZ/testC)
:  test       > root/describeC/describeZ/testC (root/describeC/describeZ/testC)
137
:  test       ✓ root/describeC/describeZ/testC (root/describeC/describeZ/testC)
:  test       < root/describeC/describeZ/testC (root/describeC/describeZ/testC)
:  afterEach  > root/describeC/describeZ:afterEach (root/describeC/describeZ/testC)
132, 135, 138
:  afterEach  ✓ root/describeC/describeZ:afterEach (root/describeC/describeZ/testC)
:  afterEach  < root/describeC/describeZ:afterEach (root/describeC/describeZ/testC)
:  after      > root/describeC/describeZ:after (root/describeC/describeZ)
139
:  after      ✓ root/describeC/describeZ:after (root/describeC/describeZ)
:  after      < root/describeC/describeZ:after (root/describeC/describeZ)
: describe   ✓ root/describeC/describeZ (root/describeC/describeZ)
: describe   < root/describeC/describeZ (root/describeC/describeZ)
: afterEach  > root/describeC:afterEach (root/describeC/describeZ)
112, 126, 140
: afterEach  ✓ root/describeC:afterEach (root/describeC/describeZ)
: afterEach  < root/describeC:afterEach (root/describeC/describeZ)
: after      > root/describeC:after (root/describeC)
141
: after      ✓ root/describeC:after (root/describeC)
: after      < root/describeC:after (root/describeC)
:describe   ✓ root/describeC (root/describeC)
:describe   < root/describeC (root/describeC)
:afterEach  > root:afterEach (root/describeC)
48, 95, 142
:afterEach  ✓ root:afterEach (root/describeC)
:afterEach  < root:afterEach (root/describeC)
:after      > root:after (root)
143
:after      ✓ root:after (root)
:after      < root:after (root)
