(node:2004) UnhandledPromiseRejectionWarning: TypeError: Cannot read property 'message' of undefined
    at current.actions.current.actions.then (C:\Code\OwnGithub\testish\src\ts\state.js:160:32)
(node:2004) UnhandledPromiseRejectionWarning: Unhandled promise rejection. This error originated either by throwing inside of an async function without a catch block, or by rejecting a promise which was not handled with .catch(). (rejection id: 1)
(node:2004) [DEP0018] DeprecationWarning: Unhandled promise rejections are deprecated. In the future, promise rejections that are not handled will terminate the Node.js process with a non-zero exit code.
(node:2004) UnhandledPromiseRejectionWarning: TypeError: Cannot read property 'message' of undefined
    at current.actions.current.actions.then (C:\Code\OwnGithub\testish\src\ts\state.js:160:32)
(node:2004) UnhandledPromiseRejectionWarning: Unhandled promise rejection. This error originated either by throwing inside of an async function without a catch block, or by rejecting a promise which was not handled with .catch(). (rejection id: 2)
(node:2004) UnhandledPromiseRejectionWarning: TypeError: Cannot read property 'message' of undefined
    at current.actions.current.actions.then (C:\Code\OwnGithub\testish\src\ts\state.js:160:32)
(node:2004) UnhandledPromiseRejectionWarning: Unhandled promise rejection. This error originated either by throwing inside of an async function without a catch block, or by rejecting a promise which was not handled with .catch(). (rejection id: 3)
(node:2004) UnhandledPromiseRejectionWarning: TypeError: Cannot read property 'message' of undefined
    at current.actions.current.actions.then (C:\Code\OwnGithub\testish\src\ts\state.js:160:32)
(node:2004) UnhandledPromiseRejectionWarning: Unhandled promise rejection. This error originated either by throwing inside of an async function without a catch block, or by rejecting a promise which was not handled with .catch(). (rejection id: 4)
